[   72125ms] [VERBOSE] [DOM] Input elements should have autocomplete attributes (suggested: "new-password"): (More info: https://goo.gl/9p2vKq) %o @ https://sampleapp.tricentis.com/101/app.php:0
[   72125ms] [VERBOSE] [DOM] Input elements should have autocomplete attributes (suggested: "new-password"): (More info: https://goo.gl/9p2vKq) %o @ https://sampleapp.tricentis.com/101/app.php:0
[  210385ms] ReferenceError: e is not defined
    at HTMLButtonElement.<anonymous> (https://sampleapp.tricentis.com/101/forms/customization/calculations.js:489:3)
    at HTMLHtmlElement.dispatch (https://sampleapp.tricentis.com/101/jquery/jquery-1.12.0.min.js:3:12344)
    at r.handle (https://sampleapp.tricentis.com/101/jquery/jquery-1.12.0.min.js:3:9071)
[  248425ms] ReferenceError: e is not defined
    at HTMLButtonElement.<anonymous> (https://sampleapp.tricentis.com/101/forms/customization/calculations.js:489:3)
    at HTMLHtmlElement.dispatch (https://sampleapp.tricentis.com/101/jquery/jquery-1.12.0.min.js:3:12344)
    at r.handle (https://sampleapp.tricentis.com/101/jquery/jquery-1.12.0.min.js:3:9071)
[  632000ms] [VERBOSE] [DOM] Input elements should have autocomplete attributes (suggested: "new-password"): (More info: https://goo.gl/9p2vKq) %o @ https://sampleapp.tricentis.com/101/app.php:0
[  632000ms] [VERBOSE] [DOM] Input elements should have autocomplete attributes (suggested: "new-password"): (More info: https://goo.gl/9p2vKq) %o @ https://sampleapp.tricentis.com/101/app.php:0
[ 1380778ms] [VERBOSE] [DOM] Input elements should have autocomplete attributes (suggested: "new-password"): (More info: https://goo.gl/9p2vKq) %o @ https://sampleapp.tricentis.com/101/app.php:0
[ 1380779ms] [VERBOSE] [DOM] Input elements should have autocomplete attributes (suggested: "new-password"): (More info: https://goo.gl/9p2vKq) %o @ https://sampleapp.tricentis.com/101/app.php:0
[ 1384260ms] [VERBOSE] [DOM] Input elements should have autocomplete attributes (suggested: "new-password"): (More info: https://goo.gl/9p2vKq) %o @ https://sampleapp.tricentis.com/101/app.php:0
[ 1384260ms] [VERBOSE] [DOM] Input elements should have autocomplete attributes (suggested: "new-password"): (More info: https://goo.gl/9p2vKq) %o @ https://sampleapp.tricentis.com/101/app.php:0
[ 1386734ms] [VERBOSE] [DOM] Input elements should have autocomplete attributes (suggested: "new-password"): (More info: https://goo.gl/9p2vKq) %o @ https://sampleapp.tricentis.com/101/app.php:0
[ 1386734ms] [VERBOSE] [DOM] Input elements should have autocomplete attributes (suggested: "new-password"): (More info: https://goo.gl/9p2vKq) %o @ https://sampleapp.tricentis.com/101/app.php:0
[ 1388664ms] [VERBOSE] [DOM] Input elements should have autocomplete attributes (suggested: "new-password"): (More info: https://goo.gl/9p2vKq) %o @ https://sampleapp.tricentis.com/101/app.php:0
[ 1388664ms] [VERBOSE] [DOM] Input elements should have autocomplete attributes (suggested: "new-password"): (More info: https://goo.gl/9p2vKq) %o @ https://sampleapp.tricentis.com/101/app.php:0
[ 1390956ms] [VERBOSE] [DOM] Input elements should have autocomplete attributes (suggested: "new-password"): (More info: https://goo.gl/9p2vKq) %o @ https://sampleapp.tricentis.com/101/app.php:0
[ 1390956ms] [VERBOSE] [DOM] Input elements should have autocomplete attributes (suggested: "new-password"): (More info: https://goo.gl/9p2vKq) %o @ https://sampleapp.tricentis.com/101/app.php:0
[ 1397139ms] [VERBOSE] [DOM] Input elements should have autocomplete attributes (suggested: "new-password"): (More info: https://goo.gl/9p2vKq) %o @ https://sampleapp.tricentis.com/101/app.php:0
[ 1397139ms] [VERBOSE] [DOM] Input elements should have autocomplete attributes (suggested: "new-password"): (More info: https://goo.gl/9p2vKq) %o @ https://sampleapp.tricentis.com/101/app.php:0
[ 1614662ms] [VERBOSE] [DOM] Input elements should have autocomplete attributes (suggested: "new-password"): (More info: https://goo.gl/9p2vKq) %o @ https://sampleapp.tricentis.com/101/app.php:0
[ 1614662ms] [VERBOSE] [DOM] Input elements should have autocomplete attributes (suggested: "new-password"): (More info: https://goo.gl/9p2vKq) %o @ https://sampleapp.tricentis.com/101/app.php:0
